/root/vast_workdir/.venv/lib/python3.12/site-packages/dgl/backend/backend.py:1838: SyntaxWarning: invalid escape sequence '\P'
  """Segment reduction operator.
/root/vast_workdir/.venv/lib/python3.12/site-packages/outdated/__init__.py:36: UserWarning: pkg_resources is deprecated as an API. See https://setuptools.pypa.io/en/latest/pkg_resources.html. The pkg_resources package is slated for removal as early as 2025-11-30. Refrain from using this package or pin to Setuptools<81.
  from pkg_resources import parse_version
Loading data/historical-network_week_2020-03-30.json (1073.9 MB)
2026-09-19T16:16:58.129305+00:00 BUILD_PAIRS h=1 parent_sha256=None
2026-09-19T16:20:14.915030+00:00 TRIAL_START h=1 candidate=baseline epochs=1-40
2026-09-19T16:20:14.915074+00:00 EPOCH_START h=1 candidate=baseline epoch=1/40
2026-09-19T16:27:21.308322+00:00 TRIAL h=1 candidate=baseline epoch=1/40 validation=[0.9473361092190752, 0.9900806479651311, 2.6397085189819336, 3.8080023829749208, 0.05567258223891258, 0.37081022976402656] rank=(0.9473361092190752, 0.9900806479651311) losses={'exist_loss': 0.2796282074186537, 'weight_loss': 2.8246056074566313, 'node_loss': 0.04878880899140818, 'stats_loss': 0.0, 'impute_loss': 0.0, 'scen_loss': 0.0, 'smooth_loss': 0.0} seconds=426.1
2026-09-19T16:27:21.308363+00:00 EPOCH_START h=1 candidate=baseline epoch=2/40
2026-09-19T16:34:28.775236+00:00 TRIAL h=1 candidate=baseline epoch=2/40 validation=[0.956217299548869, 0.9919213203803835, 2.5427370071411133, 3.798599040128291, 0.05347615107893944, 0.3706795036741095] rank=(0.956217299548869, 0.9919213203803835) losses={'exist_loss': 0.21901671184433832, 'weight_loss': 2.557000617980957, 'node_loss': 0.048151601115241645, 'stats_loss': 0.0, 'impute_loss': 0.0, 'scen_loss': 0.0, 'smooth_loss': 0.0} seconds=427.2
2026-09-19T16:34:28.775277+00:00 EPOCH_START h=1 candidate=baseline epoch=3/40
2026-09-19T16:41:36.147284+00:00 TRIAL h=1 candidate=baseline epoch=3/40 validation=[0.9606309340035042, 0.9928466217574189, 2.5118415355682373, 3.746784866432439, 0.05258554220199585, 0.3700854406102832] rank=(0.9606309340035042, 0.9928466217574189) losses={'exist_loss': 0.1893717708521419, 'weight_loss': 2.4647252798080443, 'node_loss': 0.04789173324644152, 'stats_loss': 0.0, 'impute_loss': 0.0, 'scen_loss': 0.0, 'smooth_loss': 0.0} seconds=427.1
2026-09-19T16:41:36.147326+00:00 EPOCH_START h=1 candidate=baseline epoch=4/40
2026-09-19T16:48:44.166482+00:00 TRIAL h=1 candidate=baseline epoch=4/40 validation=[0.9636792045642001, 0.9934494677238513, 2.486392021179199, 3.6423417001858964, 0.052626561373472214, 0.3698173858760799] rank=(0.9636792045642001, 0.9934494677238513) losses={'exist_loss': 0.176661636100875, 'weight_loss': 2.3932351197136774, 'node_loss': 0.04770861675083223, 'stats_loss': 0.0, 'impute_loss': 0.0, 'scen_loss': 0.0, 'smooth_loss': 0.0} seconds=427.7
2026-09-19T16:48:44.166524+00:00 EPOCH_START h=1 candidate=baseline epoch=5/40
2026-09-19T16:55:51.416371+00:00 TRIAL h=1 candidate=baseline epoch=5/40 validation=[0.9654482276078563, 0.9938076338722359, 2.4061942100524902, 3.550560334806476, 0.0525784008204937, 0.36964932464683425] rank=(0.9654482276078563, 0.9938076338722359) losses={'exist_loss': 0.16669639567534128, 'weight_loss': 2.306929145389133, 'node_loss': 0.04760276761423383, 'stats_loss': 0.0, 'impute_loss': 0.0, 'scen_loss': 0.0, 'smooth_loss': 0.0} seconds=426.9
2026-09-19T16:55:51.416412+00:00 EPOCH_START h=1 candidate=baseline epoch=6/40
2026-09-19T17:02:59.430222+00:00 TRIAL h=1 candidate=baseline epoch=6/40 validation=[0.9664604505051938, 0.9940128217078652, 2.3560171127319336, 3.4808706956982616, 0.05195074900984764, 0.3694421253434311] rank=(0.9664604505051938, 0.9940128217078652) losses={'exist_loss': 0.15925955553849538, 'weight_loss': 2.2311304950714113, 'node_loss': 0.047417719116072274, 'stats_loss': 0.0, 'impute_loss': 0.0, 'scen_loss': 0.0, 'smooth_loss': 0.0} seconds=427.7
2026-09-19T17:02:59.430267+00:00 EPOCH_START h=1 candidate=baseline epoch=7/40
2026-09-19T17:10:07.387058+00:00 TRIAL h=1 candidate=baseline epoch=7/40 validation=[0.9675380501649958, 0.9942122168544316, 2.3422794342041016, 3.4309093757920013, 0.05219379439949989, 0.3694218770084317] rank=(0.9675380501649958, 0.9942122168544316) losses={'exist_loss': 0.15461677321129375, 'weight_loss': 2.169818805588616, 'node_loss': 0.04728531373949307, 'stats_loss': 0.0, 'impute_loss': 0.0, 'scen_loss': 0.0, 'smooth_loss': 0.0} seconds=427.6
2026-09-19T17:10:07.387100+00:00 EPOCH_START h=1 candidate=baseline epoch=8/40
2026-09-19T17:17:15.390735+00:00 TRIAL h=1 candidate=baseline epoch=8/40 validation=[0.9685942906032219, 0.9943998505614218, 2.3709795475006104, 3.4002341245935965, 0.05183476582169533, 0.36924855102688664] rank=(0.9685942906032219, 0.9943998505614218) losses={'exist_loss': 0.14983654482497108, 'weight_loss': 2.1307044882244535, 'node_loss': 0.04710711356899184, 'stats_loss': 0.0, 'impute_loss': 0.0, 'scen_loss': 0.0, 'smooth_loss': 0.0} seconds=427.7
2026-09-19T17:17:15.390777+00:00 EPOCH_START h=1 candidate=baseline epoch=9/40
2026-09-19T17:24:23.412194+00:00 TRIAL h=1 candidate=baseline epoch=9/40 validation=[0.9691774702594746, 0.9945102558414115, 2.3653359413146973, 3.3865825973298804, 0.0523102842271328, 0.3692181218255342] rank=(0.9691774702594746, 0.9945102558414115) losses={'exist_loss': 0.14397714962561925, 'weight_loss': 2.093781944910685, 'node_loss': 0.046899925566847536, 'stats_loss': 0.0, 'impute_loss': 0.0, 'scen_loss': 0.0, 'smooth_loss': 0.0} seconds=427.7
2026-09-19T17:24:23.412237+00:00 EPOCH_START h=1 candidate=baseline epoch=10/40
2026-09-19T17:31:31.326422+00:00 TRIAL h=1 candidate=baseline epoch=10/40 validation=[0.9704227107390317, 0.9947121485893633, 2.330979108810425, 3.38957542663915, 0.050417814403772354, 0.3689856229038528] rank=(0.9704227107390317, 0.9947121485893633) losses={'exist_loss': 0.14099229069219696, 'weight_loss': 2.085682323243883, 'node_loss': 0.04663767248728416, 'stats_loss': 0.0, 'impute_loss': 0.0, 'scen_loss': 0.0, 'smooth_loss': 0.0} seconds=427.6
2026-09-19T17:31:31.326464+00:00 EPOCH_START h=1 candidate=baseline epoch=11/40
2026-09-19T17:38:38.880144+00:00 TRIAL h=1 candidate=baseline epoch=11/40 validation=[0.9708402466179711, 0.9947924276282883, 2.333163022994995, 3.3722221810935986, 0.05046968534588814, 0.3690157482306758] rank=(0.9708402466179711, 0.9947924276282883) losses={'exist_loss': 0.13729370277788905, 'weight_loss': 2.067485373814901, 'node_loss': 0.04622822127175621, 'stats_loss': 0.0, 'impute_loss': 0.0, 'scen_loss': 0.0, 'smooth_loss': 0.0} seconds=427.2
2026-09-19T17:38:38.880186+00:00 EPOCH_START h=1 candidate=baseline epoch=12/40
2026-09-19T17:45:46.303506+00:00 TRIAL h=1 candidate=baseline epoch=12/40 validation=[0.9712142598940792, 0.9948592282899956, 2.3271663188934326, 3.3648684984107002, 0.05057554319500923, 0.3689421468329336] rank=(0.9712142598940792, 0.9948592282899956) losses={'exist_loss': 0.13404375973674987, 'weight_loss': 2.0501844390233357, 'node_loss': 0.04571755057795801, 'stats_loss': 0.0, 'impute_loss': 0.0, 'scen_loss': 0.0, 'smooth_loss': 0.0} seconds=427.1
2026-09-19T17:45:46.303640+00:00 EPOCH_START h=1 candidate=baseline epoch=13/40
2026-09-19T17:52:54.106883+00:00 TRIAL h=1 candidate=baseline epoch=13/40 validation=[0.971685542950324, 0.9949439512823178, 2.3045735359191895, 3.3676278872940033, 0.049855269491672516, 0.36884386759077975] rank=(0.971685542950324, 0.9949439512823178) losses={'exist_loss': 0.13421050192581283, 'weight_loss': 2.0566961823569403, 'node_loss': 0.045289740342284654, 'stats_loss': 0.0, 'impute_loss': 0.0, 'scen_loss': 0.0, 'smooth_loss': 0.0} seconds=427.5
2026-09-19T17:52:54.106920+00:00 EPOCH_START h=1 candidate=baseline epoch=14/40
2026-09-19T18:00:01.750622+00:00 TRIAL h=1 candidate=baseline epoch=14/40 validation=[0.9722042639262473, 0.995041291951656, 2.294722318649292, 3.359969685281512, 0.049934785813093185, 0.3688568356487529] rank=(0.9722042639262473, 0.995041291951656) losses={'exist_loss': 0.13096387445926666, 'weight_loss': 2.0300542714860703, 'node_loss': 0.04469849196780059, 'stats_loss': 0.0, 'impute_loss': 0.0, 'scen_loss': 0.0, 'smooth_loss': 0.0} seconds=427.3
2026-09-19T18:00:01.750663+00:00 EPOCH_START h=1 candidate=baseline epoch=15/40
2026-09-19T18:07:08.635245+00:00 TRIAL h=1 candidate=baseline epoch=15/40 validation=[0.9723083323850218, 0.9950618486350079, 2.290494918823242, 3.3530368363165652, 0.05011168494820595, 0.36879540503322517] rank=(0.9723083323850218, 0.9950618486350079) losses={'exist_loss': 0.12835391089320183, 'weight_loss': 2.0140789662467107, 'node_loss': 0.044452520010268524, 'stats_loss': 0.0, 'impute_loss': 0.0, 'scen_loss': 0.0, 'smooth_loss': 0.0} seconds=426.6
2026-09-19T18:07:08.635283+00:00 EPOCH_START h=1 candidate=baseline epoch=16/40
2026-09-19T18:14:15.912980+00:00 TRIAL h=1 candidate=baseline epoch=16/40 validation=[0.9723761007999705, 0.9950888419596784, 2.289774179458618, 3.348350853450871, 0.050060804933309555, 0.36887042940075115] rank=(0.9723761007999705, 0.9950888419596784) losses={'exist_loss': 0.12686701907051934, 'weight_loss': 1.9901294697655572, 'node_loss': 0.043959935927608364, 'stats_loss': 0.0, 'impute_loss': 0.0, 'scen_loss': 0.0, 'smooth_loss': 0.0} seconds=427.0
2026-09-19T18:14:15.913020+00:00 EPOCH_START h=1 candidate=baseline epoch=17/40
2026-09-19T18:21:22.677048+00:00 TRIAL h=1 candidate=baseline epoch=17/40 validation=[0.9729609463568394, 0.9951858100322708, 2.2815210819244385, 3.341966527738118, 0.049752719700336456, 0.36884364539266706] rank=(0.9729609463568394, 0.9951858100322708) losses={'exist_loss': 0.12626856424742275, 'weight_loss': 1.9782453208499484, 'node_loss': 0.043471105211129825, 'stats_loss': 0.0, 'impute_loss': 0.0, 'scen_loss': 0.0, 'smooth_loss': 0.0} seconds=426.4
2026-09-19T18:21:22.677089+00:00 EPOCH_START h=1 candidate=baseline epoch=18/40
2026-09-19T18:28:29.354713+00:00 TRIAL h=1 candidate=baseline epoch=18/40 validation=[0.9732191299499257, 0.9952363875733529, 2.275413990020752, 3.338116043898741, 0.04978761821985245, 0.3688055465371148] rank=(0.9732191299499257, 0.9952363875733529) losses={'exist_loss': 0.12410880118608475, 'weight_loss': 1.9697226640913221, 'node_loss': 0.04302472782347144, 'stats_loss': 0.0, 'impute_loss': 0.0, 'scen_loss': 0.0, 'smooth_loss': 0.0} seconds=426.4
2026-09-19T18:28:29.354752+00:00 EPOCH_START h=1 candidate=baseline epoch=19/40
2026-09-19T18:35:36.341198+00:00 TRIAL h=1 candidate=baseline epoch=19/40 validation=[0.973311947139194, 0.9952574413787936, 2.272172212600708, 3.3313353908680816, 0.049651093780994415, 0.3688753577695667] rank=(0.973311947139194, 0.9952574413787936) losses={'exist_loss': 0.12394615870383051, 'weight_loss': 1.9602013206481934, 'node_loss': 0.04299421186636512, 'stats_loss': 0.0, 'impute_loss': 0.0, 'scen_loss': 0.0, 'smooth_loss': 0.0} seconds=426.7
2026-09-19T18:35:36.341240+00:00 EPOCH_START h=1 candidate=baseline epoch=20/40
2026-09-19T18:42:44.451259+00:00 TRIAL h=1 candidate=baseline epoch=20/40 validation=[0.9733388791687735, 0.9952684813875952, 2.2672524452209473, 3.3267878322157265, 0.04953458905220032, 0.368809788916171] rank=(0.9733388791687735, 0.9952684813875952) losses={'exist_loss': 0.1218227235476176, 'weight_loss': 1.9600577730602688, 'node_loss': 0.04274996326020401, 'stats_loss': 0.0, 'impute_loss': 0.0, 'scen_loss': 0.0, 'smooth_loss': 0.0} seconds=427.8
2026-09-19T18:42:44.451302+00:00 EPOCH_START h=1 candidate=baseline epoch=21/40
2026-09-19T18:49:52.562300+00:00 TRIAL h=1 candidate=baseline epoch=21/40 validation=[0.9736000570878182, 0.9953131029936885, 2.261800765991211, 3.320004868561266, 0.0496300645172596, 0.368862955928964] rank=(0.9736000570878182, 0.9953131029936885) losses={'exist_loss': 0.12200940822561582, 'weight_loss': 1.9315799607170954, 'node_loss': 0.04235727317980491, 'stats_loss': 0.0, 'impute_loss': 0.0, 'scen_loss': 0.0, 'smooth_loss': 0.0} seconds=427.8
2026-09-19T18:49:52.562341+00:00 EPOCH_START h=1 candidate=baseline epoch=22/40
2026-09-19T18:57:00.602931+00:00 TRIAL h=1 candidate=baseline epoch=22/40 validation=[0.9738786028488662, 0.9953672230049829, 2.256427049636841, 3.3152152395207444, 0.049554385244846344, 0.3687573820118775] rank=(0.9738786028488662, 0.9953672230049829) losses={'exist_loss': 0.11991999690731367, 'weight_loss': 1.9180227279663087, 'node_loss': 0.0421930701042422, 'stats_loss': 0.0, 'impute_loss': 0.0, 'scen_loss': 0.0, 'smooth_loss': 0.0} seconds=427.7
2026-09-19T18:57:00.602974+00:00 EPOCH_START h=1 candidate=baseline epoch=23/40
2026-09-19T19:04:08.659720+00:00 TRIAL h=1 candidate=baseline epoch=23/40 validation=[0.9741201774069808, 0.9954103404392701, 2.2485859394073486, 3.3110421769506932, 0.04974812641739845, 0.3687805357105794] rank=(0.9741201774069808, 0.9954103404392701) losses={'exist_loss': 0.11991345720158683, 'weight_loss': 1.9051521481408014, 'node_loss': 0.04267503960834195, 'stats_loss': 0.0, 'impute_loss': 0.0, 'scen_loss': 0.0, 'smooth_loss': 0.0} seconds=427.7
2026-09-19T19:04:08.659762+00:00 EPOCH_START h=1 candidate=baseline epoch=24/40
2026-09-19T19:11:16.838232+00:00 TRIAL h=1 candidate=baseline epoch=24/40 validation=[0.9743053963283304, 0.9954453982869027, 2.2461600303649902, 3.305793306649934, 0.0497707836329937, 0.3688207178679046] rank=(0.9743053963283304, 0.9954453982869027) losses={'exist_loss': 0.11851006007856793, 'weight_loss': 1.8986588827768962, 'node_loss': 0.04195144817569397, 'stats_loss': 0.0, 'impute_loss': 0.0, 'scen_loss': 0.0, 'smooth_loss': 0.0} seconds=427.9
2026-09-19T19:11:16.838275+00:00 EPOCH_START h=1 candidate=baseline epoch=25/40
2026-09-19T19:18:24.592623+00:00 TRIAL h=1 candidate=baseline epoch=25/40 validation=[0.9743719760049077, 0.9954536356775406, 2.246018171310425, 3.300979590241053, 0.049717023968696594, 0.36877748500097135] rank=(0.9743719760049077, 0.9954536356775406) losses={'exist_loss': 0.11842606349123849, 'weight_loss': 1.902022304005093, 'node_loss': 0.04178306242050086, 'stats_loss': 0.0, 'impute_loss': 0.0, 'scen_loss': 0.0, 'smooth_loss': 0.0} seconds=427.4
2026-09-19T19:18:24.592662+00:00 EPOCH_START h=1 candidate=baseline epoch=26/40
2026-09-19T19:25:32.589175+00:00 TRIAL h=1 candidate=baseline epoch=26/40 validation=[0.9745502865246599, 0.9954850113428818, 2.243419647216797, 3.2970825419253673, 0.04973137751221657, 0.36883536336753564] rank=(0.9745502865246599, 0.9954850113428818) losses={'exist_loss': 0.11777064077556133, 'weight_loss': 1.899869662390815, 'node_loss': 0.04206338953226805, 'stats_loss': 0.0, 'impute_loss': 0.0, 'scen_loss': 0.0, 'smooth_loss': 0.0} seconds=427.7
2026-09-19T19:25:32.589219+00:00 EPOCH_START h=1 candidate=baseline epoch=27/40
2026-09-19T19:32:39.812039+00:00 TRIAL h=1 candidate=baseline epoch=27/40 validation=[0.9747688852255754, 0.9955249143276229, 2.2349085807800293, 3.292878245855563, 0.04942817986011505, 0.3688276063753412] rank=(0.9747688852255754, 0.9955249143276229) losses={'exist_loss': 0.11737298094564014, 'weight_loss': 1.8791994500160216, 'node_loss': 0.041779178400886144, 'stats_loss': 0.0, 'impute_loss': 0.0, 'scen_loss': 0.0, 'smooth_loss': 0.0} seconds=426.9
2026-09-19T19:32:39.812079+00:00 EPOCH_START h=1 candidate=baseline epoch=28/40
2026-09-19T19:39:47.596058+00:00 TRIAL h=1 candidate=baseline epoch=28/40 validation=[0.975055920756487, 0.9955746935750717, 2.2256760597229004, 3.291589051953247, 0.049557458609342575, 0.36878863714141286] rank=(0.975055920756487, 0.9955746935750717) losses={'exist_loss': 0.11615194330612819, 'weight_loss': 1.874857706228892, 'node_loss': 0.04194563287750094, 'stats_loss': 0.0, 'impute_loss': 0.0, 'scen_loss': 0.0, 'smooth_loss': 0.0} seconds=427.5
2026-09-19T19:39:47.596101+00:00 EPOCH_START h=1 candidate=baseline epoch=29/40
2026-09-19T19:46:55.763191+00:00 TRIAL h=1 candidate=baseline epoch=29/40 validation=[0.9750768950664006, 0.9955797577598914, 2.227694511413574, 3.285080045888981, 0.049860719591379166, 0.36880926367188716] rank=(0.9750768950664006, 0.9955797577598914) losses={'exist_loss': 0.1157691042456362, 'weight_loss': 1.8632214771376716, 'node_loss': 0.041742644055759434, 'stats_loss': 0.0, 'impute_loss': 0.0, 'scen_loss': 0.0, 'smooth_loss': 0.0} seconds=427.9
2026-09-19T19:46:55.763229+00:00 EPOCH_START h=1 candidate=baseline epoch=30/40
2026-09-19T19:54:03.426178+00:00 TRIAL h=1 candidate=baseline epoch=30/40 validation=[0.9752995007257493, 0.9956182083905827, 2.228295087814331, 3.2806974399887934, 0.04937969148159027, 0.36876554456371885] rank=(0.9752995007257493, 0.9956182083905827) losses={'exist_loss': 0.11529162368840641, 'weight_loss': 1.8549497922261555, 'node_loss': 0.04185828047093108, 'stats_loss': 0.0, 'impute_loss': 0.0, 'scen_loss': 0.0, 'smooth_loss': 0.0} seconds=427.4
2026-09-19T19:54:03.426219+00:00 EPOCH_START h=1 candidate=baseline epoch=31/40
2026-09-19T20:01:11.319119+00:00 TRIAL h=1 candidate=baseline epoch=31/40 validation=[0.97542999744063, 0.9956426906208408, 2.2177271842956543, 3.2815936680610385, 0.04943503811955452, 0.3688361309776842] rank=(0.97542999744063, 0.9956426906208408) losses={'exist_loss': 0.11355948925018311, 'weight_loss': 1.8521801312764485, 'node_loss': 0.0416187041061413, 'stats_loss': 0.0, 'impute_loss': 0.0, 'scen_loss': 0.0, 'smooth_loss': 0.0} seconds=427.6
2026-09-19T20:01:11.319160+00:00 EPOCH_START h=1 candidate=baseline epoch=32/40
2026-09-19T20:08:18.936143+00:00 TRIAL h=1 candidate=baseline epoch=32/40 validation=[0.975498762486895, 0.9956553357656244, 2.2150516510009766, 3.275406202212139, 0.04930340126156807, 0.3689454587064729] rank=(0.975498762486895, 0.9956553357656244) losses={'exist_loss': 0.11482731602258152, 'weight_loss': 1.8522958789931403, 'node_loss': 0.04120606692184487, 'stats_loss': 0.0, 'impute_loss': 0.0, 'scen_loss': 0.0, 'smooth_loss': 0.0} seconds=427.3
2026-09-19T20:08:18.936184+00:00 EPOCH_START h=1 candidate=baseline epoch=33/40
2026-09-19T20:15:25.871386+00:00 TRIAL h=1 candidate=baseline epoch=33/40 validation=[0.9755450109118013, 0.9956661294592756, 2.2078661918640137, 3.2771994157728925, 0.049350228160619736, 0.3687964959653563] rank=(0.9755450109118013, 0.9956661294592756) losses={'exist_loss': 0.11314561564061376, 'weight_loss': 1.8354304133521187, 'node_loss': 0.04202007129775464, 'stats_loss': 0.0, 'impute_loss': 0.0, 'scen_loss': 0.0, 'smooth_loss': 0.0} seconds=426.6
2026-09-19T20:15:25.871428+00:00 EPOCH_START h=1 candidate=baseline epoch=34/40
2026-09-19T20:22:33.441959+00:00 TRIAL h=1 candidate=baseline epoch=34/40 validation=[0.9756285420703387, 0.9956784254690094, 2.2004294395446777, 3.2783796562434913, 0.04943838343024254, 0.36886661188948633] rank=(0.9756285420703387, 0.9956784254690094) losses={'exist_loss': 0.1119388852847947, 'weight_loss': 1.8342668957180448, 'node_loss': 0.041016594204896444, 'stats_loss': 0.0, 'impute_loss': 0.0, 'scen_loss': 0.0, 'smooth_loss': 0.0} seconds=427.3
2026-09-19T20:22:33.441998+00:00 EPOCH_START h=1 candidate=baseline epoch=35/40
2026-09-19T20:29:41.031600+00:00 TRIAL h=1 candidate=baseline epoch=35/40 validation=[0.9755890204074003, 0.9956769060154235, 2.1969382762908936, 3.27797833779179, 0.05081746354699135, 0.3689951534340631] rank=(0.9755890204074003, 0.9956769060154235) losses={'exist_loss': 0.11205186786750952, 'weight_loss': 1.832107614941067, 'node_loss': 0.04109661397498308, 'stats_loss': 0.0, 'impute_loss': 0.0, 'scen_loss': 0.0, 'smooth_loss': 0.0} seconds=427.4
2026-09-19T20:29:41.031642+00:00 EPOCH_START h=1 candidate=baseline epoch=36/40
2026-09-19T20:36:49.195065+00:00 TRIAL h=1 candidate=baseline epoch=36/40 validation=[0.9757116186766751, 0.9956990272752598, 2.195694923400879, 3.2720124049149755, 0.04943958297371864, 0.36905295728706167] rank=(0.9757116186766751, 0.9956990272752598) losses={'exist_loss': 0.11165672643317116, 'weight_loss': 1.831249279975891, 'node_loss': 0.041355334903475725, 'stats_loss': 0.0, 'impute_loss': 0.0, 'scen_loss': 0.0, 'smooth_loss': 0.0} seconds=427.8
2026-09-19T20:36:49.195107+00:00 EPOCH_START h=1 candidate=baseline epoch=37/40
2026-09-19T20:43:56.717424+00:00 TRIAL h=1 candidate=baseline epoch=37/40 validation=[0.9757940264417906, 0.9957133178461431, 2.1922788619995117, 3.2722655317386877, 0.049804117530584335, 0.3687699086262245] rank=(0.9757940264417906, 0.9957133178461431) losses={'exist_loss': 0.11222290895051426, 'weight_loss': 1.8364874495400323, 'node_loss': 0.041617146358281995, 'stats_loss': 0.0, 'impute_loss': 0.0, 'scen_loss': 0.0, 'smooth_loss': 0.0} seconds=427.2
2026-09-19T20:43:56.717468+00:00 EPOCH_START h=1 candidate=baseline epoch=38/40
2026-09-19T20:51:04.592321+00:00 TRIAL h=1 candidate=baseline epoch=38/40 validation=[0.9759797248327019, 0.9957457328874182, 2.1904311180114746, 3.2705416377207217, 0.04948348179459572, 0.368915206464387] rank=(0.9759797248327019, 0.9957457328874182) losses={'exist_loss': 0.11025091651413176, 'weight_loss': 1.817377740542094, 'node_loss': 0.041834449572876714, 'stats_loss': 0.0, 'impute_loss': 0.0, 'scen_loss': 0.0, 'smooth_loss': 0.0} seconds=427.6
2026-09-19T20:51:04.592360+00:00 EPOCH_START h=1 candidate=baseline epoch=39/40
2026-09-19T20:58:12.405391+00:00 TRIAL h=1 candidate=baseline epoch=39/40 validation=[0.9761222397882863, 0.9957711793174189, 2.1886751651763916, 3.268044337584702, 0.049149900674819946, 0.3688853758900968] rank=(0.9761222397882863, 0.9957711793174189) losses={'exist_loss': 0.11012411794728703, 'weight_loss': 1.8081042549345228, 'node_loss': 0.04131821825557078, 'stats_loss': 0.0, 'impute_loss': 0.0, 'scen_loss': 0.0, 'smooth_loss': 0.0} seconds=427.5
2026-09-19T20:58:12.405433+00:00 EPOCH_START h=1 candidate=baseline epoch=40/40
2026-09-19T21:05:19.044981+00:00 TRIAL h=1 candidate=baseline epoch=40/40 validation=[0.9760660459370804, 0.9957676911596116, 2.1871094703674316, 3.265779190438803, 0.05006086826324463, 0.36901049868578956] rank=(0.9760660459370804, 0.9957676911596116) losses={'exist_loss': 0.10877625132600466, 'weight_loss': 1.8057811072137622, 'node_loss': 0.04125450461701904, 'stats_loss': 0.0, 'impute_loss': 0.0, 'scen_loss': 0.0, 'smooth_loss': 0.0} seconds=426.4
2026-09-19T21:05:19.696216+00:00 BUILD_PAIRS h=4 parent_sha256=d8ff9489eb0a1d68f9a819daec629c94c13740837c68bc039d446a00f7a91e46
2026-09-19T21:08:23.053837+00:00 TRIAL_START h=4 candidate=baseline epochs=1-40
2026-09-19T21:08:23.053881+00:00 EPOCH_START h=4 candidate=baseline epoch=1/40
2026-09-19T21:15:00.655309+00:00 TRIAL h=4 candidate=baseline epoch=1/40 validation=[0.9740316470727848, 0.9950421564725189, 2.2440173625946045, 3.3264812296503075, 0.13610762357711792, 0.6368471261944906] rank=(0.9740316470727848, 0.9950421564725189) losses={'exist_loss': 0.18136218863094714, 'weight_loss': 2.096793013113039, 'node_loss': 0.1390428919563288, 'stats_loss': 0.0, 'impute_loss': 0.0, 'scen_loss': 0.0, 'smooth_loss': 0.0} seconds=397.3
2026-09-19T21:15:00.655350+00:00 EPOCH_START h=4 candidate=baseline epoch=2/40
2026-09-19T21:21:39.827019+00:00 TRIAL h=4 candidate=baseline epoch=2/40 validation=[0.9737122046764969, 0.9950044417686572, 2.246108293533325, 3.327675659220524, 0.1289512813091278, 0.6358723543808351] rank=(0.9737122046764969, 0.9950044417686572) losses={'exist_loss': 0.17376575593811436, 'weight_loss': 2.0681027882807963, 'node_loss': 0.13640394626051053, 'stats_loss': 0.0, 'impute_loss': 0.0, 'scen_loss': 0.0, 'smooth_loss': 0.0} seconds=398.8
2026-09-19T21:21:39.827054+00:00 EPOCH_START h=4 candidate=baseline epoch=3/40
2026-09-19T21:28:18.920296+00:00 TRIAL h=4 candidate=baseline epoch=3/40 validation=[0.9737408009635417, 0.995015872099363, 2.24515700340271, 3.3264678984629317, 0.1310470998287201, 0.635883016853346] rank=(0.9737408009635417, 0.995015872099363) losses={'exist_loss': 0.1697555605053633, 'weight_loss': 2.0603656908413313, 'node_loss': 0.13477593278176747, 'stats_loss': 0.0, 'impute_loss': 0.0, 'scen_loss': 0.0, 'smooth_loss': 0.0} seconds=398.9
2026-09-19T21:28:18.920339+00:00 EPOCH_START h=4 candidate=baseline epoch=4/40
2026-09-19T21:34:57.657666+00:00 TRIAL h=4 candidate=baseline epoch=4/40 validation=[0.97355243080451, 0.9949935355693243, 2.246654510498047, 3.3286742710806205, 0.13310347497463226, 0.635990850099387] rank=(0.97355243080451, 0.9949935355693243) losses={'exist_loss': 0.16557719476252525, 'weight_loss': 2.0527513161435857, 'node_loss': 0.13458360940939537, 'stats_loss': 0.0, 'impute_loss': 0.0, 'scen_loss': 0.0, 'smooth_loss': 0.0} seconds=398.5
2026-09-19T21:34:57.657710+00:00 EPOCH_START h=4 candidate=baseline epoch=5/40
2026-09-19T21:41:37.225735+00:00 TRIAL h=4 candidate=baseline epoch=5/40 validation=[0.9735510606602041, 0.9950011664499444, 2.240595817565918, 3.3291164586972393, 0.1334732472896576, 0.6358484744806056] rank=(0.9735510606602041, 0.9950011664499444) losses={'exist_loss': 0.16466561298783836, 'weight_loss': 2.0350013504157194, 'node_loss': 0.13472913374268525, 'stats_loss': 0.0, 'impute_loss': 0.0, 'scen_loss': 0.0, 'smooth_loss': 0.0} seconds=399.4
2026-09-19T21:41:37.225778+00:00 EPOCH_START h=4 candidate=baseline epoch=6/40
2026-09-19T21:48:17.086337+00:00 TRIAL h=4 candidate=baseline epoch=6/40 validation=[0.9736223258884997, 0.9950163342882561, 2.240302085876465, 3.3299849063657234, 0.1335485428571701, 0.6357345463400481] rank=(0.9736223258884997, 0.9950163342882561) losses={'exist_loss': 0.1659204773269258, 'weight_loss': 2.0411567967217246, 'node_loss': 0.13376247967794738, 'stats_loss': 0.0, 'impute_loss': 0.0, 'scen_loss': 0.0, 'smooth_loss': 0.0} seconds=399.6
2026-09-19T21:48:17.740285+00:00 BUILD_PAIRS h=8 parent_sha256=f9a199e4eceaa1a71e0b33211734309d721fb52674d3b1654da02424b26ec358
2026-09-19T21:51:05.765244+00:00 TRIAL_START h=8 candidate=baseline epochs=1-40
2026-09-19T21:51:05.765287+00:00 EPOCH_START h=8 candidate=baseline epoch=1/40
2026-09-19T21:57:06.509494+00:00 TRIAL h=8 candidate=baseline epoch=1/40 validation=[0.9710873696841213, 0.9942649764175265, 2.3411619663238525, 3.5198698060927285, 0.18677771091461182, 0.8367562607051435] rank=(0.9710873696841213, 0.9942649764175265) losses={'exist_loss': 0.23089158668293866, 'weight_loss': 2.288806866068359, 'node_loss': 0.2509687935865117, 'stats_loss': 0.0, 'impute_loss': 0.0, 'scen_loss': 0.0, 'smooth_loss': 0.0} seconds=360.4
2026-09-19T21:57:06.509541+00:00 EPOCH_START h=8 candidate=baseline epoch=2/40
2026-09-19T22:03:08.448237+00:00 TRIAL h=8 candidate=baseline epoch=2/40 validation=[0.9705447587106087, 0.9941939053627245, 2.341862440109253, 3.5174048771362885, 0.18848197162151337, 0.8363749348895975] rank=(0.9705447587106087, 0.9941939053627245) losses={'exist_loss': 0.21814657170154633, 'weight_loss': 2.323289129712166, 'node_loss': 0.25085349135750207, 'stats_loss': 0.0, 'impute_loss': 0.0, 'scen_loss': 0.0, 'smooth_loss': 0.0} seconds=361.7
2026-09-19T22:03:08.448279+00:00 EPOCH_START h=8 candidate=baseline epoch=3/40
2026-09-19T22:09:10.666503+00:00 TRIAL h=8 candidate=baseline epoch=3/40 validation=[0.9701030529841213, 0.9941215966615602, 2.3426692485809326, 3.5233604947152677, 0.2004004418849945, 0.836579548630328] rank=(0.9701030529841213, 0.9941215966615602) losses={'exist_loss': 0.2152899571036527, 'weight_loss': 2.2788577252024904, 'node_loss': 0.24872030439111617, 'stats_loss': 0.0, 'impute_loss': 0.0, 'scen_loss': 0.0, 'smooth_loss': 0.0} seconds=362.0
2026-09-19T22:09:10.666551+00:00 EPOCH_START h=8 candidate=baseline epoch=4/40
2026-09-19T22:15:12.764426+00:00 TRIAL h=8 candidate=baseline epoch=4/40 validation=[0.9702231253512008, 0.9941358556452894, 2.3473265171051025, 3.5285839718209067, 0.1945512741804123, 0.8361932594995689] rank=(0.9702231253512008, 0.9941358556452894) losses={'exist_loss': 0.21011249997883763, 'weight_loss': 2.2674872823264622, 'node_loss': 0.24720043891511106, 'stats_loss': 0.0, 'impute_loss': 0.0, 'scen_loss': 0.0, 'smooth_loss': 0.0} seconds=361.9
2026-09-19T22:15:12.764470+00:00 EPOCH_START h=8 candidate=baseline epoch=5/40
2026-09-19T22:21:14.437658+00:00 TRIAL h=8 candidate=baseline epoch=5/40 validation=[0.9702031727134074, 0.9941581986221927, 2.3479785919189453, 3.528389911825654, 0.18841467797756195, 0.8360530737725995] rank=(0.9702031727134074, 0.9941581986221927) losses={'exist_loss': 0.20642853237756895, 'weight_loss': 2.250420109941325, 'node_loss': 0.2455610752601279, 'stats_loss': 0.0, 'impute_loss': 0.0, 'scen_loss': 0.0, 'smooth_loss': 0.0} seconds=361.5
2026-09-19T22:21:14.437699+00:00 EPOCH_START h=8 candidate=baseline epoch=6/40
2026-09-19T22:27:16.312800+00:00 TRIAL h=8 candidate=baseline epoch=6/40 validation=[0.9700503564838492, 0.9941195811691458, 2.3462350368499756, 3.5225389100220923, 0.19003655016422272, 0.8361528778698205] rank=(0.9700503564838492, 0.9941195811691458) losses={'exist_loss': 0.2077547533591406, 'weight_loss': 2.252585317563573, 'node_loss': 0.2448325166478753, 'stats_loss': 0.0, 'impute_loss': 0.0, 'scen_loss': 0.0, 'smooth_loss': 0.0} seconds=361.7
2026-09-19T22:27:16.962846+00:00 BUILD_PAIRS h=12 parent_sha256=3c6ffc36e591e0027b4a4fdf57b3d7fd12e9c66c686bbfe350625a444ad08c23
2026-09-19T22:29:50.521056+00:00 TRIAL_START h=12 candidate=baseline epochs=1-40
2026-09-19T22:29:50.521100+00:00 EPOCH_START h=12 candidate=baseline epoch=1/40
2026-09-19T22:35:14.379093+00:00 TRIAL h=12 candidate=baseline epoch=1/40 validation=[0.9682479586857904, 0.9935001208239643, 2.6559271812438965, 3.90136070967078, 0.247980535030365, 0.9724465569273535] rank=(0.9682479586857904, 0.9935001208239643) losses={'exist_loss': 0.2558226605233188, 'weight_loss': 2.471485578568182, 'node_loss': 0.3566476273150227, 'stats_loss': 0.0, 'impute_loss': 0.0, 'scen_loss': 0.0, 'smooth_loss': 0.0} seconds=323.5
2026-09-19T22:35:14.379134+00:00 EPOCH_START h=12 candidate=baseline epoch=2/40
2026-09-19T22:40:39.785814+00:00 TRIAL h=12 candidate=baseline epoch=2/40 validation=[0.9682274314185855, 0.9935024644961093, 2.6275572776794434, 3.855438448739526, 0.2565629482269287, 0.9725769500884667] rank=(0.9682274314185855, 0.9935024644961093) losses={'exist_loss': 0.2493306705467055, 'weight_loss': 2.427512910878547, 'node_loss': 0.35764423658566497, 'stats_loss': 0.0, 'impute_loss': 0.0, 'scen_loss': 0.0, 'smooth_loss': 0.0} seconds=325.2
2026-09-19T22:40:39.785857+00:00 EPOCH_START h=12 candidate=baseline epoch=3/40
2026-09-19T22:46:05.238662+00:00 TRIAL h=12 candidate=baseline epoch=3/40 validation=[0.9683539941916384, 0.9935407251992732, 2.6247575283050537, 3.8455895464754084, 0.23991896212100983, 0.9718290127977807] rank=(0.9683539941916384, 0.9935407251992732) losses={'exist_loss': 0.24145577527652276, 'weight_loss': 2.4060567132780486, 'node_loss': 0.3544187134688842, 'stats_loss': 0.0, 'impute_loss': 0.0, 'scen_loss': 0.0, 'smooth_loss': 0.0} seconds=325.1
2026-09-19T22:46:05.238704+00:00 EPOCH_START h=12 candidate=baseline epoch=4/40
2026-09-19T22:51:30.051354+00:00 TRIAL h=12 candidate=baseline epoch=4/40 validation=[0.9674587325926844, 0.9934173491979844, 2.6618552207946777, 3.875886508071374, 0.2606850266456604, 0.9726017090239778] rank=(0.9674587325926844, 0.9934173491979844) losses={'exist_loss': 0.23957040505570787, 'weight_loss': 2.376333734699499, 'node_loss': 0.352449805205949, 'stats_loss': 0.0, 'impute_loss': 0.0, 'scen_loss': 0.0, 'smooth_loss': 0.0} seconds=324.6
2026-09-19T22:51:30.051396+00:00 EPOCH_START h=12 candidate=baseline epoch=5/40
2026-09-19T22:56:55.265868+00:00 TRIAL h=12 candidate=baseline epoch=5/40 validation=[0.9678802664825013, 0.9934892106462452, 2.633714437484741, 3.8434743394705975, 0.23616628348827362, 0.9725899118375245] rank=(0.9678802664825013, 0.9934892106462452) losses={'exist_loss': 0.23680573987348058, 'weight_loss': 2.3530370392531994, 'node_loss': 0.352034291061007, 'stats_loss': 0.0, 'impute_loss': 0.0, 'scen_loss': 0.0, 'smooth_loss': 0.0} seconds=324.8
2026-09-19T22:56:55.265910+00:00 EPOCH_START h=12 candidate=baseline epoch=6/40
2026-09-19T23:02:20.418748+00:00 TRIAL h=12 candidate=baseline epoch=6/40 validation=[0.9676056934464898, 0.9934524247913723, 2.607604503631592, 3.796050559122219, 0.23788048326969147, 0.9705369526953835] rank=(0.9676056934464898, 0.9934524247913723) losses={'exist_loss': 0.23470050517782987, 'weight_loss': 2.3385896326225493, 'node_loss': 0.3523188129450395, 'stats_loss': 0.0, 'impute_loss': 0.0, 'scen_loss': 0.0, 'smooth_loss': 0.0} seconds=324.9
2026-09-19T23:02:20.418789+00:00 EPOCH_START h=12 candidate=baseline epoch=7/40
2026-09-19T23:07:45.604447+00:00 TRIAL h=12 candidate=baseline epoch=7/40 validation=[0.9679176497989921, 0.9934839864594512, 2.6114065647125244, 3.805936573071363, 0.23822051286697388, 0.9706988574419678] rank=(0.9679176497989921, 0.9934839864594512) losses={'exist_loss': 0.2314212425638025, 'weight_loss': 2.319343183642236, 'node_loss': 0.3466562548147462, 'stats_loss': 0.0, 'impute_loss': 0.0, 'scen_loss': 0.0, 'smooth_loss': 0.0} seconds=325.0
2026-09-19T23:07:45.604490+00:00 EPOCH_START h=12 candidate=baseline epoch=8/40
2026-09-19T23:13:10.694055+00:00 TRIAL h=12 candidate=baseline epoch=8/40 validation=[0.9677077772325128, 0.9934522810001948, 2.6052780151367188, 3.791740682249806, 0.237574964761734, 0.9707878275399321] rank=(0.9677077772325128, 0.9934522810001948) losses={'exist_loss': 0.22934277000549796, 'weight_loss': 2.3001349922095504, 'node_loss': 0.34461878959054704, 'stats_loss': 0.0, 'impute_loss': 0.0, 'scen_loss': 0.0, 'smooth_loss': 0.0} seconds=324.7
2026-09-19T23:13:11.251859+00:00 ALL_FOUR_SELECTIONS_FROZEN sha256=8f373114f702cc14d26a7dfd70574d2afe3542618952c02478adbf87382a00a3; final holdout evaluation begins
2026-09-19T23:18:13.999613+00:00 FINAL_TEST h=1 metrics=[0.972979896075562, 0.9952034365846, 2.219413995742798, 3.248426496625634, 0.05312282219529152, 0.3996895583802907] comparison={'signed_improvements': [0.0009798960755620367, 0.00020343658459998082, 0.245586004257202, 0.1395735033743657, 0.002877177804708482, 0.00031044161970933404], 'all_six_above_printed': True, 'all_six_beyond_rounding': False}
2026-09-19T23:22:48.062482+00:00 FINAL_TEST h=4 metrics=[0.971113167552671, 0.99453635897273, 2.218677520751953, 3.2693237092974314, 0.1417972892522812, 0.6768749625574949] comparison={'signed_improvements': [-0.0018868324473290121, -0.0004636410272700342, 0.27032247924804675, 0.1546762907025685, -0.0017972892522811756, 0.003125037442505141], 'all_six_above_printed': False, 'all_six_beyond_rounding': False}
2026-09-19T23:26:44.107795+00:00 FINAL_TEST h=8 metrics=[0.9677484969689651, 0.9936070816250585, 2.336993455886841, 3.4607652746192916, 0.21617138385772705, 0.8964215424902032] comparison={'signed_improvements': [0.0007484969689651733, -0.0003929183749414866, 0.217006544113159, 0.04823472538070828, 0.012828616142272958, -0.006421542490203214], 'all_six_above_printed': False, 'all_six_beyond_rounding': False}
2026-09-19T23:30:02.552878+00:00 FINAL_TEST h=12 metrics=[0.9647446861152355, 0.9926920980949275, 2.35957407951355, 3.5330878682313513, 0.2754970192909241, 1.060683492779615] comparison={'signed_improvements': [-0.0022553138847645204, -0.00030790190507246074, 0.2884259204864503, 0.07291213176864852, 0.010502980709075904, -0.014683492779614893], 'all_six_above_printed': False, 'all_six_beyond_rounding': False}
2026-09-19T23:30:07.864146+00:00 SEQUENTIAL_COMPLETE {'status': 'verified', 'files': 153, 'horizons': [1, 4, 8, 12]}
